
Discarded input sections

 .text          0x00000000        0x0 crt0.o
 .data          0x00000000        0x0 crt0.o
 .bss           0x00000000        0x0 crt0.o
 .riscv.attributes
                0x00000000       0x1a crt0.o
 .data          0x00000000        0x0 main.o
 .bss           0x00000000        0x0 main.o
 .comment       0x00000000       0x34 main.o
 .riscv.attributes
                0x00000000       0x1c main.o

Memory Configuration

Name             Origin             Length             Attributes
RAM              0x00000000         0x00010000         xrw
*default*        0x00000000         0xffffffff

Linker script and memory map

LOAD crt0.o
LOAD main.o
                0x00001000                        _stack_size = 0x1000

.text           0x00000000      0x3dc
                0x00000000                        _text_start = .
 *(.text.init)
 .text.init     0x00000000       0x30 crt0.o
                0x00000000                _start
 *(.text .text.*)
 .text          0x00000030      0x3ac main.o
                0x00000030                random_0_15
                0x00000074                desenha
                0x000000a0                main
                0x000003dc                        . = ALIGN (0x4)
                0x000003dc                        _text_end = .

.rela.dyn       0x000003dc        0x0
 .rela.text.init
                0x000003dc        0x0 crt0.o

.rodata         0x000003dc        0x0
                0x000003dc                        _rodata_start = .
 *(.rodata .rodata.*)
 *(.srodata .srodata.*)
                0x000003dc                        . = ALIGN (0x4)
                0x000003dc                        _rodata_end = .

.data           0x000003dc        0x4
                0x000003dc                        _data_start = .
 *(.data .data.*)
 *(.sdata .sdata.*)
 .sdata         0x000003dc        0x4 main.o
                0x000003e0                        . = ALIGN (0x4)
                0x000003e0                        _data_end = .

.bss            0x000003e0        0x8
                0x000003e0                        _bss_start = .
 *(.bss .bss.*)
 *(.sbss .sbss.*)
 .sbss          0x000003e0        0x8 main.o
 *(COMMON)
                0x000003e8                        . = ALIGN (0x4)
                0x000003e8                        _bss_end = .
                0x000003f0                        . = ALIGN (0x10)
                0x000003f0                        _heap_start = .
                0x0000f000                        _heap_end = ((ORIGIN (RAM) + LENGTH (RAM)) - _stack_size)
                0x0000f000                        _stack_bottom = ((ORIGIN (RAM) + LENGTH (RAM)) - _stack_size)
                0x00010000                        _stack_top = (ORIGIN (RAM) + LENGTH (RAM))
                0x00000001                        ASSERT ((_bss_end <= _heap_end), Erro: Programa muito grande! BSS colide com área de stack.)
                0x00000001                        ASSERT ((_heap_start <= _heap_end), Erro: Sem espaço para heap!)
                0x00000001                        ASSERT ((_text_start == 0x0), Erro: Código não começa em 0x00000000!)
                0x00000001                        ASSERT ((_stack_size >= 0x400), Aviso: Stack muito pequena (mínimo 1KB recomendado).)

/DISCARD/
 *(.comment)
 *(.note*)
 *(.eh_frame*)
 *(.riscv.attributes)
OUTPUT(main.elf elf32-littleriscv)

.debug_info     0x00000000      0x20b
 .debug_info    0x00000000      0x20b main.o

.debug_abbrev   0x00000000      0x10c
 .debug_abbrev  0x00000000      0x10c main.o

.debug_loclists
                0x00000000      0x110
 .debug_loclists
                0x00000000      0x110 main.o

.debug_aranges  0x00000000       0x20
 .debug_aranges
                0x00000000       0x20 main.o

.debug_rnglists
                0x00000000       0x17
 .debug_rnglists
                0x00000000       0x17 main.o

.debug_line     0x00000000      0x64d
 .debug_line    0x00000000      0x64d main.o

.debug_str      0x00000000      0x10a
 .debug_str     0x00000000      0x10a main.o
                                0x117 (size before relaxing)

.debug_line_str
                0x00000000        0xd
 .debug_line_str
                0x00000000        0xd main.o
                                 0x21 (size before relaxing)

.debug_frame    0x00000000       0x54
 .debug_frame   0x00000000       0x54 main.o
