
Discarded input sections

 .comment       0x00000000       0x34 /tmp/ccRTrzDi.o

Memory Configuration

Name             Origin             Length             Attributes
RAM              0x00000000         0x00010000         xrw
*default*        0x00000000         0xffffffff

Linker script and memory map

LOAD /tmp/ccxtYyDh.o
LOAD /tmp/ccRTrzDi.o

.text           0x00000000      0x108
 *(.text.init)
 .text.init     0x00000000       0x4c /tmp/ccxtYyDh.o
                0x00000000                _start
 *(.text*)
 .text          0x0000004c        0x0 /tmp/ccxtYyDh.o
 .text          0x0000004c       0xbc /tmp/ccRTrzDi.o
                0x0000004c                main
 *(.text.*)

.rela.dyn       0x00000108        0x0
 .rela.text.init
                0x00000108        0x0 /tmp/ccxtYyDh.o

.rodata
 *(.rodata*)
 *(.rodata.*)

.data           0x00000108        0x0
                0x00000108                        _data_start = .
 *(.data*)
 .data          0x00000108        0x0 /tmp/ccxtYyDh.o
 .data          0x00000108        0x0 /tmp/ccRTrzDi.o
 *(.data.*)
 *(.sdata*)
                0x00000108                        _data_end = .
                0x00000108                        _data_load = LOADADDR (.data)

.bss            0x00000108        0x0
                0x00000108                        _bss_start = .
 *(.bss*)
 .bss           0x00000108        0x0 /tmp/ccxtYyDh.o
 .bss           0x00000108        0x0 /tmp/ccRTrzDi.o
 *(.bss.*)
 *(.sbss*)
 *(COMMON)
                0x00000108                        _bss_end = .
                0x00000110                        . = ALIGN (0x10)
                0x00000110                        _heap_start = .
                0x0000ff00                        . = ((ORIGIN (RAM) + LENGTH (RAM)) - 0x100)
                0x0000ff00                        _stack_bottom = .
                0x00010000                        . = (ORIGIN (RAM) + LENGTH (RAM))
                0x00010000                        _stack_top = .

/DISCARD/
 *(.comment)
 *(.eh_frame)
 *(.note*)
OUTPUT(main.elf elf32-littleriscv)

.riscv.attributes
                0x00000000       0x1c
 .riscv.attributes
                0x00000000       0x1a /tmp/ccxtYyDh.o
 .riscv.attributes
                0x0000001a       0x1c /tmp/ccRTrzDi.o

.debug_line     0x00000000      0x188
 .debug_line    0x00000000       0xaa /tmp/ccxtYyDh.o
 .debug_line    0x000000aa       0xde /tmp/ccRTrzDi.o

.debug_line_str
                0x00000000       0x14
 .debug_line_str
                0x00000000       0x14 /tmp/ccxtYyDh.o
                                  0xd (size before relaxing)
 .debug_line_str
                0x00000014       0x21 /tmp/ccRTrzDi.o

.debug_info     0x00000000       0xf6
 .debug_info    0x00000000       0x24 /tmp/ccxtYyDh.o
 .debug_info    0x00000024       0xd2 /tmp/ccRTrzDi.o

.debug_abbrev   0x00000000       0x89
 .debug_abbrev  0x00000000       0x14 /tmp/ccxtYyDh.o
 .debug_abbrev  0x00000014       0x75 /tmp/ccRTrzDi.o

.debug_aranges  0x00000000       0x40
 .debug_aranges
                0x00000000       0x20 /tmp/ccxtYyDh.o
 .debug_aranges
                0x00000020       0x20 /tmp/ccRTrzDi.o

.debug_str      0x00000000       0x9a
 .debug_str     0x00000000       0x9a /tmp/ccxtYyDh.o
                                 0x19 (size before relaxing)
 .debug_str     0x0000009a       0x81 /tmp/ccRTrzDi.o

.debug_frame    0x00000000       0x2c
 .debug_frame   0x00000000       0x2c /tmp/ccRTrzDi.o
