
Discarded input sections

 .riscv.attributes
                0x00000000       0x1a crt0.o
 .comment       0x00000000       0x34 main.o
 .riscv.attributes
                0x00000000       0x1c main.o

Memory Configuration

Name             Origin             Length             Attributes
RAM              0x00000000         0x00010000         xrw
*default*        0x00000000         0xffffffff

Linker script and memory map

LOAD crt0.o
LOAD main.o
                0x00001000                        _stack_size = 0x1000

.text           0x00000000       0xe8
                0x00000000                        _text_start = .
 *(.text.init)
 .text.init     0x00000000       0x2c crt0.o
                0x00000000                _start
 *(.text .text.*)
 .text          0x0000002c        0x0 crt0.o
 .text          0x0000002c       0xbc main.o
                0x0000002c                main
                0x000000e8                        _text_end = .

.rela.dyn       0x000000e8        0x0
 .rela.text.init
                0x000000e8        0x0 crt0.o

.rodata         0x000000e8        0x0
                0x000000e8                        _rodata_start = .
 *(.rodata .rodata.*)
 *(.srodata .srodata.*)
                0x000000e8                        _rodata_end = .

.data           0x000000e8        0x0
                0x000000e8                        _data_start = .
 *(.data .data.*)
 .data          0x000000e8        0x0 crt0.o
 .data          0x000000e8        0x0 main.o
 *(.sdata .sdata.*)
                0x000000e8                        _data_end = .

.bss            0x000000e8        0x0
                0x000000e8                        _bss_start = .
 *(.bss .bss.*)
 .bss           0x000000e8        0x0 crt0.o
 .bss           0x000000e8        0x0 main.o
 *(.sbss .sbss.*)
 *(COMMON)
                0x000000e8                        _bss_end = .
                0x000000f0                        . = ALIGN (0x10)
                0x000000f0                        _heap_start = .
                0x0000f000                        _stack_bottom = ((ORIGIN (RAM) + LENGTH (RAM)) - _stack_size)
                0x00010000                        _stack_top = (ORIGIN (RAM) + LENGTH (RAM))
                0x00000001                        ASSERT ((_bss_end <= _stack_bottom), Programa muito grande! Colide com stack.)
                0x00000001                        ASSERT ((_text_start == 0x0), Código não começa em 0x00000000!)

/DISCARD/
 *(.comment)
 *(.note*)
 *(.eh_frame*)
 *(.riscv.attributes)
OUTPUT(main.elf elf32-littleriscv)

.debug_info     0x00000000       0xc5
 .debug_info    0x00000000       0xc5 main.o

.debug_abbrev   0x00000000       0x6f
 .debug_abbrev  0x00000000       0x6f main.o

.debug_aranges  0x00000000       0x20
 .debug_aranges
                0x00000000       0x20 main.o

.debug_line     0x00000000       0xde
 .debug_line    0x00000000       0xde main.o

.debug_str      0x00000000       0xb5
 .debug_str     0x00000000       0xb5 main.o

.debug_line_str
                0x00000000        0xd
 .debug_line_str
                0x00000000        0xd main.o
                                 0x21 (size before relaxing)

.debug_frame    0x00000000       0x2c
 .debug_frame   0x00000000       0x2c main.o
